// Jest Snapshot v1, https://goo.gl/fbAQLP

exports[`correctBooleanInt simple 1`] = `
[
  [
    [Error: Invalid value: 2. Expression<Bool> expected.],
  ],
  [
    [Error: Invalid value: 2. Expression<Bool> expected.],
  ],
]
`;
